Microchip Technology Inc, v1.70 (A)

Tool Name:
  c:\program files\microchip\xc16\v1.70\bin\bin\..\bin/elf-ld.exe

Command:
  -p33EV64GM006 \
  -o \
  dist/default/production/Beehive_POU_Single_Chamber_v02_05_03_Rev4.X.production.elf \
  -Lc:/program files/microchip/xc16/v1.70/bin/bin/.. \
  -Lc:/program files/microchip/xc16/v1.70/bin/bin/../../lib \
  -Lc:/program files/microchip/xc16/v1.70/bin/bin/../../support/PIC24E/gld \
  -Lc:/program files/microchip/xc16/v1.70/bin/bin/../../support/PIC24F/gld \
  -Lc:/program files/microchip/xc16/v1.70/bin/bin/../../support/PIC24H/gld \
  -Lc:/program files/microchip/xc16/v1.70/bin/bin/../../support/dsPIC30F/gld \
  -Lc:/program files/microchip/xc16/v1.70/bin/bin/../../support/dsPIC33C/gld \
  -Lc:/program files/microchip/xc16/v1.70/bin/bin/../../support/dsPIC33E/gld \
  -Lc:/program files/microchip/xc16/v1.70/bin/bin/../../support/dsPIC33F/gld \
  build/default/production/Application/ADCRead/ADCRead.o \
  build/default/production/Application/FaultIndication/FaultIndication.o \
  build/default/production/Application/FlowDetector/FlowDetector.o \
  build/default/production/Application/ModeCheck/ModeCheck.o \
  build/default/production/Application/NonVol/NonVol.o \
  build/default/production/Application/OptoCouplerControl/OptoCouplerControl.o \
  build/default/production/Application/Scheduler/Scheduler.o \
  build/default/production/Application/SelfTest/Class B/classb_clock.o \
  build/default/production/Application/SelfTest/Class B/classb_crc.o \
  build/default/production/Application/SelfTest/Class B/classb_checkerboard_.o \
  build/default/production/Application/SelfTest/Class B/classb_clock_.o \
  build/default/production/Application/SelfTest/Class B/classb_marchb_.o \
  build/default/production/Application/SelfTest/Class B/classb_marchc_.o \
  build/default/production/Application/SelfTest/Class B/classb_pc_.o \
  build/default/production/Application/SelfTest/Class B/classb_registers_.o \
  build/default/production/Application/SelfTest/Class B/classb_startup_.o \
  build/default/production/Application/SelfTest/SelfTest.o \
  build/default/production/Application/SerialDebug/SerialDebug.o \
  build/default/production/Application/TemperatureControl/TemperatureControl.o \
  build/default/production/Application/UserInterface/UserInterface.o \
  build/default/production/mcc_generated_files/memory/flash.o \
  build/default/production/mcc_generated_files/memory/flash_demo.o \
  build/default/production/mcc_generated_files/tmr1.o \
  build/default/production/mcc_generated_files/reset.o \
  build/default/production/mcc_generated_files/system.o \
  build/default/production/mcc_generated_files/traps.o \
  build/default/production/mcc_generated_files/clock.o \
  build/default/production/mcc_generated_files/adc1.o \
  build/default/production/mcc_generated_files/interrupt_manager.o \
  build/default/production/mcc_generated_files/mcc.o \
  build/default/production/mcc_generated_files/uart1.o \
  build/default/production/mcc_generated_files/pin_manager.o \
  build/default/production/mcc_generated_files/tmr2.o \
  build/default/production/mcc_generated_files/tmr4.o \
  build/default/production/mcc_generated_files/pwm.o \
  build/default/production/main.o \
  build/default/production/Events.o \
  build/default/production/IoTranslate.o \
  --local-stack \
  --defsym=__MPLAB_BUILD=1 \
  -Tp33EV64GM006.gld.00 \
  --stack=16 \
  --check-sections \
  --data-init \
  --pack-data \
  --handles \
  --isr \
  --no-gc-sections \
  --fill-upper=0 \
  --stackguard=16 \
  --no-force-link \
  --smart-io \
  -Map=dist/default/production/Beehive_POU_Single_Chamber_v02_05_03_Rev4.X.production.map \
  --report-mem \
  --memorysummary \
  dist/default/production/memoryfile.xml \
  -start-group \
  --library=lega-pic30-elf \
  --library=m-elf \
  --library=lega-c-elf \
  -end-group \


Optional library libp33EV64GM006.a not found
Archive member included because of file (symbol)

c:/program files/microchip/xc16/v1.70/bin/bin/../../lib\liblega-pic30-elf.a(crt0_extendedep.o)
                              (__resetPRI)
c:/program files/microchip/xc16/v1.70/bin/bin/../../lib\liblega-pic30-elf.a(data_init_extended.o)
                              build/default/production/Application/SelfTest/Class B/classb_startup_.o (__data_init_extended)
c:/program files/microchip/xc16/v1.70/bin/bin/../../lib\liblega-pic30-elf.a(crt_start_mode_normalep.Leo)
                              (__crt_start_mode_normal)
c:/program files/microchip/xc16/v1.70/bin/bin/../../lib\libm-elf.a(addsf3.epeo)
                              build/default/production/Application/FlowDetector/FlowDetector.o (___subsf3)
c:/program files/microchip/xc16/v1.70/bin/bin/../../lib\libm-elf.a(divsf3.epeo)
                              build/default/production/Application/FlowDetector/FlowDetector.o (___divsf3)
c:/program files/microchip/xc16/v1.70/bin/bin/../../lib\libm-elf.a(feqltle.epeo)
[...]
Memory Configuration

Name             Origin             Length             Attributes
data             0x001000           0x002000           a !xr
reset            0x000000           0x000004  
ivt              0x000004           0x0001fc  
program          0x000200           0x00a980           xr
FSEC             0x00ab80           0x000002  
FBSLIM           0x00ab90           0x000002  
FOSCSEL          0x00ab98           0x000002  
FOSC             0x00ab9c           0x000002  
FWDT             0x00aba0           0x000002  
FPOR             0x00aba4           0x000002  
FICD             0x00aba8           0x000002  
FDMTINTVL        0x00abac           0x000002  
FDMTINTVH        0x00abb0           0x000002  
FDMTCNTL         0x00abb4           0x000002  
FDMTCNTH         0x00abb8           0x000002  
FDMT             0x00abbc           0x000002  
FDEVOPT          0x00abc0           0x000002  
FALTREG          0x00abc4           0x000002  
*default*        0x000000           0xffffffff  

Linker script and memory map

LOAD build/default/production/Application/ADCRead/ADCRead.o
LOAD build/default/production/Application/FaultIndication/FaultIndication.o
LOAD build/default/production/Application/FlowDetector/FlowDetector.o
LOAD build/default/production/Application/ModeCheck/ModeCheck.o
LOAD build/default/production/Application/NonVol/NonVol.o
LOAD build/default/production/Application/OptoCouplerControl/OptoCouplerControl.o
LOAD build/default/production/Application/Scheduler/Scheduler.o
LOAD build/default/production/Application/SelfTest/Class B/classb_clock.o
LOAD build/default/production/Application/SelfTest/Class B/classb_crc.o
LOAD build/default/production/Application/SelfTest/Class B/classb_checkerboard_.o
LOAD build/default/production/Application/SelfTest/Class B/classb_clock_.o
LOAD build/default/production/Application/SelfTest/Class B/classb_marchb_.o
LOAD build/default/production/Application/SelfTest/Class B/classb_marchc_.o
LOAD build/default/production/Application/SelfTest/Class B/classb_pc_.o
LOAD build/default/production/Application/SelfTest/Class B/classb_registers_.o
LOAD build/default/production/Application/SelfTest/Class B/classb_startup_.o
LOAD build/default/production/Application/SelfTest/SelfTest.o
LOAD build/default/production/Application/SerialDebug/SerialDebug.o
LOAD build/default/production/Application/TemperatureControl/TemperatureControl.o
LOAD build/default/production/Application/UserInterface/UserInterface.o
LOAD build/default/production/mcc_generated_files/memory/flash.o
LOAD build/default/production/mcc_generated_files/memory/flash_demo.o
LOAD build/default/production/mcc_generated_files/tmr1.o
LOAD build/default/production/mcc_generated_files/reset.o
LOAD build/default/production/mcc_generated_files/system.o
LOAD build/default/production/mcc_generated_files/traps.o
LOAD build/default/production/mcc_generated_files/clock.o
LOAD build/default/production/mcc_generated_files/adc1.o
LOAD build/default/production/mcc_generated_files/interrupt_manager.o
LOAD build/default/production/mcc_generated_files/mcc.o
LOAD build/default/production/mcc_generated_files/uart1.o
LOAD build/default/production/mcc_generated_files/pin_manager.o
LOAD build/default/production/mcc_generated_files/tmr2.o
LOAD build/default/production/mcc_generated_files/tmr4.o
LOAD build/default/production/mcc_generated_files/pwm.o
LOAD build/default/production/main.o
LOAD build/default/production/Events.o
LOAD build/default/production/IoTranslate.o
                    0x0001                  __MPLAB_BUILD = 0x1
LOAD p33EV64GM006
LOAD c:/program files/microchip/xc16/v1.70/bin/bin/../../lib\libfx-elf.a
                    0xab80                  __FSEC = 0xab80
                    0xab90                  __FBSLIM = 0xab90
                    0xab98                  __FOSCSEL = 0xab98
                    0xab9c                  __FOSC = 0xab9c
                    0xaba0                  __FWDT = 0xaba0
                    0xaba4                  __FPOR = 0xaba4
                    0xaba8                  __FICD = 0xaba8
                    0xabac                  __FDMTINTVL = 0xabac
                    0xabb0                  __FDMTINTVH = 0xabb0
                    0xabb4                  __FDMTCNTL = 0xabb4
                    0xabb8                  __FDMTCNTH = 0xabb8
                    0xabbc                  __FDMT = 0xabbc
                    0xabc0                  __FDEVOPT = 0xabc0
                    0xabc4                  __FALTREG = 0xabc4
                    0x0001                  __NO_HANDLES = 0x1
                    0x0200                  __CODE_BASE = 0x200
                    0xa980                  __CODE_LENGTH = 0xa980
                    0x0004                  __IVT_BASE = 0x4
                    0x1000                  __DATA_BASE = 0x1000
                    0x2000                  __DATA_LENGTH = 0x2000
                    0x2000                  __YDATA_BASE = 0x2000
                    0x2fff                  __YDATA_END = 0x2fff

.reset            0x000000          0x4
                  0x000000          0x2 SHORT 0x200 ABSOLUTE (__reset)
                  0x000001          0x2 SHORT 0x4
                  0x000002          0x2 SHORT 0x0 ((ABSOLUTE (__reset) >> 0x10) & 0x7f)
                  0x000003          0x2 SHORT 0x0

.text             0x000200       0x1332
 *(.init)
 .init            0x000200         0x48 c:/program files/microchip/xc16/v1.70/bin/bin/../../lib\liblega-pic30-elf.a(crt0_extendedep.o)
                  0x000200                  __resetPRI
                  0x000200                  __reset
                  0x00023c                  __psv_init
 .init            0x000248         0xb2 c:/program files/microchip/xc16/v1.70/bin/bin/../../lib\liblega-pic30-elf.a(data_init_extended.o)
                  0x000248                  __data_init
                  0x000248                  __data_init_extended
 *(.user_init)
 *(.handle)
 *(.isr*)
 .isr.text        0x00037e         0x6c build/default/production/mcc_generated_files/tmr1.o
                  0x00037e                  __T1Interrupt
 .isrerror_handler
                  0x0003ea         0x4a build/default/production/mcc_generated_files/traps.o
                  0x0003ea                  __OscillatorFail
                  0x0003f4                  __StackError
                  0x000402                  __AddressError
                  0x00040c                  __MathError
                  0x000416                  __DMACError
                  0x000420                  __HardTrapError
                  0x00042a                  __SoftTrapError
 .isr.text        0x000434         0xc8 build/default/production/mcc_generated_files/uart1.o
                  0x000434                  __U1TXInterrupt
                  0x0004a0                  __U1RXInterrupt
                  0x0004e6                  __U1ErrInterrupt
 .isr.text        0x0004fc         0x36 build/default/production/mcc_generated_files/tmr4.o
                  0x0004fc                  __T4Interrupt
 .isr             0x000532          0x4 default_isr
                  0x000532                  __DefaultInterrupt
 *(.libc)
 *(.libm)
 *(.libdsp)
 *(.lib*)
 .libpic30_crt_start_mode
                  0x000536          0x2 c:/program files/microchip/xc16/v1.70/bin/bin/../../lib\liblega-pic30-elf.a(crt_start_mode_normalep.Leo)
                  0x000536                  __crt_start_mode
                  0x000536                  __crt_start_mode_normal
 .libm.subsf3     0x000538         0xbc c:/program files/microchip/xc16/v1.70/bin/bin/../../lib\libm-elf.a(addsf3.epeo)
                  0x000538                  ___subsf3
                  0x00053a                  ___addsf3
 .libm.divfs3     0x0005f4         0x84 c:/program files/microchip/xc16/v1.70/bin/bin/../../lib\libm-elf.a(divsf3.epeo)
                  0x0005f4                  ___divsf3
 .libm.eqsf2      0x000678          0x4 c:/program files/microchip/xc16/v1.70/bin/bin/../../lib\libm-elf.a(feqltle.epeo)
                  0x000678                  ___eqsf2
                  0x000678                  ___ltsf2
                  0x000678                  ___lesf2
 .libm.gtsf2      0x00067c          0x4 c:/program files/microchip/xc16/v1.70/bin/bin/../../lib\libm-elf.a(fgtge.epeo)
                  0x00067c                  ___gesf2
                  0x00067c                  ___gtsf2
 .libm.fixsfsi    0x000680         0x42 c:/program files/microchip/xc16/v1.70/bin/bin/../../lib\libm-elf.a(fixsfsi.epeo)
                  0x000680                  _(float, int, long long, short, float, short, int)
 .libm.fixunssfsi
                  0x0006c2         0x36 c:/program files/microchip/xc16/v1.70/bin/bin/../../lib\libm-elf.a(fixunssfsi.epeo)
                  0x0006c2                  ___fixunssfsi
 .libm.floatsisf
                  0x0006f8          0x6 c:/program files/microchip/xc16/v1.70/bin/bin/../../lib\libm-elf.a(floatsisf.epeo)
                  0x0006f8                  ___floatsisf
 .libm.floatunsisf
                  0x0006fe          0x4 c:/program files/microchip/xc16/v1.70/bin/bin/../../lib\libm-elf.a(floatunsisf.epeo)
                  0x0006fe                  ___floatunsisf
 .libm.fpack      0x000702         0x4c c:/program files/microchip/xc16/v1.70/bin/bin/../../lib\libm-elf.a(fpack.epeo)
                  0x000702                  __fpack
 .libm.funpack    0x00074e         0x2a c:/program files/microchip/xc16/v1.70/bin/bin/../../lib\libm-elf.a(funpack.epeo)
                  0x00074e                  __funpack
 .libm.funpack2
                  0x000778         0x10 c:/program files/microchip/xc16/v1.70/bin/bin/../../lib\libm-elf.a(funpack2.epeo)
                  0x000778                  __funpack2
 .libm.fPropagateNaN
                  0x000788         0x12 c:/program files/microchip/xc16/v1.70/bin/bin/../../lib\libm-elf.a(futil.epeo)
                  0x000788                  __fPropagateNaN
 .libm.fbobExit
                  0x00079a          0x8 c:/program files/microchip/xc16/v1.70/bin/bin/../../lib\libm-elf.a(futil.epeo)
                  0x00079a                  __fbopExit
 .libm.fbopReturnNaN
                  0x0007a2          0x6 c:/program files/microchip/xc16/v1.70/bin/bin/../../lib\libm-elf.a(futil.epeo)
                  0x0007a2                  __fbopReturnNaN
 .libm.mulsf3     0x0007a8         0x68 c:/program files/microchip/xc16/v1.70/bin/bin/../../lib\libm-elf.a(mulsf3.epeo)
                  0x0007a8                  ___mulsf3
 .libm.udivsi3    0x000810         0x20 c:/program files/microchip/xc16/v1.70/bin/bin/../../lib\libm-elf.a(udivsi3.epeo)
                  0x000810                  ___udivsi3
 .libm.__PplusBdi
                  0x000830         0x26 c:/program files/microchip/xc16/v1.70/bin/bin/../../lib\libm-elf.a(divmoddi3.epeo)
 .libm.__PminusBdi
                  0x000856         0x2a c:/program files/microchip/xc16/v1.70/bin/bin/../../lib\libm-elf.a(divmoddi3.epeo)
 .libm.__udivmoddi3
                  0x000880         0xe6 c:/program files/microchip/xc16/v1.70/bin/bin/../../lib\libm-elf.a(divmoddi3.epeo)
                  0x000880                  ___udivmoddi3
 .libm.__udivdi3
                  0x000966          0xe c:/program files/microchip/xc16/v1.70/bin/bin/../../lib\libm-elf.a(divmoddi3.epeo)
                  0x000966                  ___udivdi3
 .libm.__umoddi3
                  0x000974          0x8 c:/program files/microchip/xc16/v1.70/bin/bin/../../lib\libm-elf.a(divmoddi3.epeo)
                  0x000974                  ___umoddi3
 .libm.__divdi3
                  0x00097c         0x60 c:/program files/microchip/xc16/v1.70/bin/bin/../../lib\libm-elf.a(divmoddi3.epeo)
                  0x00097c                  ___divdi3
 .libm.__moddi3
                  0x0009dc         0x5c c:/program files/microchip/xc16/v1.70/bin/bin/../../lib\libm-elf.a(divmoddi3.epeo)
                  0x0009dc                  ___moddi3
 .libm.__muldi3
                  0x000a38         0x52 c:/program files/microchip/xc16/v1.70/bin/bin/../../lib\libm-elf.a(muldi3.epeo)
                  0x000a38                  ___muldi3
 .libm.fcompare
                  0x000a8a         0x36 c:/program files/microchip/xc16/v1.70/bin/bin/../../lib\libm-elf.a(fcompare.epeo)
                  0x000a8a                  __fcompare
 .libm.floatdisf
                  0x000ac0         0x20 c:/program files/microchip/xc16/v1.70/bin/bin/../../lib\libm-elf.a(floatdisf.epeo)
                  0x000ac0                  ___floatdisf
 .libm.floatundisf
                  0x000ae0         0x5e c:/program files/microchip/xc16/v1.70/bin/bin/../../lib\libm-elf.a(floatundisf.epeo)
                  0x000ae0                  ___floatundisf
 .libm.umuldi3    0x000b3e         0x44 c:/program files/microchip/xc16/v1.70/bin/bin/../../lib\libm-elf.a(umuldi3.epeo)
                  0x000b3e                  ___umuldi3
 .libc._Stof      0x000b82         0xac c:/program files/microchip/xc16/v1.70/bin/bin/../../lib\liblega-c-elf.a(xstod.EP_eo)
                  0x000b82                  __Stof
 .libc._Stoflt    0x000c2e        0x1da c:/program files/microchip/xc16/v1.70/bin/bin/../../lib\liblega-c-elf.a(xstoflt.EP_eo)
                  0x000c2e                  __Stoflt
 .libc._Stopfx    0x000e08        0x122 c:/program files/microchip/xc16/v1.70/bin/bin/../../lib\liblega-c-elf.a(xstopfx.EP_eo)
                  0x000e08                  __Stopfx
 .libc.isalnum    0x000f2a         0x1c c:/program files/microchip/xc16/v1.70/bin/bin/../../lib\liblega-c-elf.a(isalnum.EP_elso)
                  0x000f2a                  _isalnum
 .libc.isspace    0x000f46         0x10 c:/program files/microchip/xc16/v1.70/bin/bin/../../lib\liblega-c-elf.a(isspace.EP_elso)
                  0x000f46                  _isspace
 .libc.dmul       0x000f56         0x2a c:/program files/microchip/xc16/v1.70/bin/bin/../../lib\liblega-c-elf.a(xdtento.EP_elo)
 .libc._FDtento
                  0x000f80         0xde c:/program files/microchip/xc16/v1.70/bin/bin/../../lib\liblega-c-elf.a(xdtento.EP_elo)
                  0x000f80                  __FDtento
 .libc._FDscale
                  0x00105e         0xb8 c:/program files/microchip/xc16/v1.70/bin/bin/../../lib\liblega-c-elf.a(xfdscale.EP_elo)
                  0x00105e                  __FDscale
 .libc._FDunscale
                  0x001116         0x48 c:/program files/microchip/xc16/v1.70/bin/bin/../../lib\liblega-c-elf.a(xfdunsca.EP_elo)
                  0x001116                  __FDunscale
 .libc._Feraise
                  0x00115e         0x14 c:/program files/microchip/xc16/v1.70/bin/bin/../../lib\liblega-c-elf.a(xferaise.EP_elo)
                  0x00115e                  __Feraise
 .libc._Geterrno
                  0x001172          0xc c:/program files/microchip/xc16/v1.70/bin/bin/../../lib\liblega-c-elf.a(errno.EP_eo)
                  0x001172                  __Geterrno
 .libc._FDnorm    0x00117e         0x52 c:/program files/microchip/xc16/v1.70/bin/bin/../../lib\liblega-c-elf.a(xfdnorm.EP_eo)
                  0x00117e                  __FDnorm
 .libc._Stoul     0x0011d0        0x138 c:/program files/microchip/xc16/v1.70/bin/bin/../../lib\liblega-c-elf.a(xstoul.EP_eo)
                  0x0011d0                  __Stoul
 .libc.tolower    0x001308          0xe c:/program files/microchip/xc16/v1.70/bin/bin/../../lib\liblega-c-elf.a(tolower.EP_eso)
                  0x001308                  _tolower
 .libc.memchr     0x001316         0x14 c:/program files/microchip/xc16/v1.70/bin/bin/../../lib\liblega-c-elf.a(memchr.EP_eo)
                  0x001316                  _memchr
 .libc._Stoxflt
                  0x00132a        0x1fc c:/program files/microchip/xc16/v1.70/bin/bin/../../lib\liblega-c-elf.a(xstoxflt.EP_eo)
                  0x00132a                  __Stoxflt
 .libm.mulsi3     0x001526          0xc c:/program files/microchip/xc16/v1.70/bin/bin/../../lib\libm-elf.a(mulsi3.epeo)
                  0x001526                  ___mulp32peds3
                  0x001526                  ___mulsi3
                  0x001526                  ___mulp32eds3

usercode
 *(usercode)

__FSEC            0x00ab80          0x2
 *(__FSEC.sec*)
 __FSEC.sec       0x00ab80          0x2 /CW/_FSEC
                  0x00ab80                  __FSEC.sec

__FBSLIM
 *(__FBSLIM.sec*)

__FOSCSEL
 *(__FOSCSEL.sec*)

__FOSC
 *(__FOSC.sec*)

__FWDT
 *(__FWDT.sec*)

__FPOR
 *(__FPOR.sec*)

__FICD
 *(__FICD.sec*)

__FDMTINTVL
 *(__FDMTINTVL.sec*)

__FDMTINTVH
 *(__FDMTINTVH.sec*)

__FDMTCNTL
 *(__FDMTCNTL.sec*)

__FDMTCNTH
 *(__FDMTCNTH.sec*)

__FDMT
 *(__FDMT.sec*)

__FDEVOPT
 *(__FDEVOPT.sec*)

__FALTREG
 *(__FALTREG.sec*)

.comment
 *(.comment)

.debug_info       0x000000      0x3759b
 *(.debug_info)
 .debug_info      0x000000       0x2bdf build/default/production/Application/ADCRead/ADCRead.o
 .debug_info      0x002bdf       0x2fbc build/default/production/Application/FaultIndication/FaultIndication.o
 .debug_info      0x005b9b       0x2c44 build/default/production/Application/FlowDetector/FlowDetector.o
 .debug_info      0x0087df       0x3040 build/default/production/Application/ModeCheck/ModeCheck.o
 .debug_info      0x00b81f       0x3576 build/default/production/Application/NonVol/NonVol.o
 .debug_info      0x00ed95       0x2f65 build/default/production/Application/OptoCouplerControl/OptoCouplerControl.o
 .debug_info      0x011cfa       0x27e4 build/default/production/Application/Scheduler/Scheduler.o
 .debug_info      0x0144de        0x2ee build/default/production/Application/SelfTest/Class B/classb_clock.o
 .debug_info      0x0147cc        0x425 build/default/production/Application/SelfTest/Class B/classb_crc.o
 .debug_info      0x014bf1         0xdd build/default/production/Application/SelfTest/Class B/classb_checkerboard_.o
 .debug_info      0x014cce         0xd6 build/default/production/Application/SelfTest/Class B/classb_clock_.o
 .debug_info      0x014da4         0xd7 build/default/production/Application/SelfTest/Class B/classb_marchb_.o
 .debug_info      0x014e7b         0xd7 build/default/production/Application/SelfTest/Class B/classb_marchc_.o
 .debug_info      0x014f52         0xcb build/default/production/Application/SelfTest/Class B/classb_pc_.o
 .debug_info      0x01501d         0xda build/default/production/Application/SelfTest/Class B/classb_registers_.o
 .debug_info      0x0150f7         0xd8 build/default/production/Application/SelfTest/Class B/classb_startup_.o
 .debug_info      0x0151cf       0x32ec build/default/production/Application/SelfTest/SelfTest.o
 .debug_info      0x0184bb       0x3cd0 build/default/production/Application/SerialDebug/SerialDebug.o
 .debug_info      0x01c18b       0x35c2 build/default/production/Application/TemperatureControl/TemperatureControl.o
 .debug_info      0x01f74d       0x37eb build/default/production/Application/UserInterface/UserInterface.o
 .debug_info      0x022f38         0xcc build/default/production/mcc_generated_files/memory/flash.o
 .debug_info      0x023004        0x23f build/default/production/mcc_generated_files/memory/flash_demo.o
 .debug_info      0x023243        0x9a3 build/default/production/mcc_generated_files/tmr1.o
 .debug_info      0x023be6        0x4b9 build/default/production/mcc_generated_files/reset.o
 .debug_info      0x02409f       0x2022 build/default/production/mcc_generated_files/system.o
 .debug_info      0x0260c1        0x627 build/default/production/mcc_generated_files/traps.o
 .debug_info      0x0266e8        0x4bf build/default/production/mcc_generated_files/clock.o
 .debug_info      0x026ba7       0x110e build/default/production/mcc_generated_files/adc1.o
 .debug_info      0x027cb5        0xa18 build/default/production/mcc_generated_files/interrupt_manager.o
 .debug_info      0x0286cd       0x2036 build/default/production/mcc_generated_files/mcc.o
 .debug_info      0x02a703        0xf8c build/default/production/mcc_generated_files/uart1.o
 .debug_info      0x02b68f        0xad4 build/default/production/mcc_generated_files/pin_manager.o
 .debug_info      0x02c163        0x708 build/default/production/mcc_generated_files/tmr2.o
 .debug_info      0x02c86b        0x8f7 build/default/production/mcc_generated_files/tmr4.o
 .debug_info      0x02d162       0x14bf build/default/production/mcc_generated_files/pwm.o
 .debug_info      0x02e621       0x3c90 build/default/production/main.o
 .debug_info      0x0322b1       0x2b18 build/default/production/Events.o
 .debug_info      0x034dc9       0x27d2 build/default/production/IoTranslate.o
 *(.gnu.linkonce.wi.*)

.debug_abbrev     0x000000       0x2cfc
 *(.debug_abbrev)
 .debug_abbrev    0x000000        0x27b build/default/production/Application/ADCRead/ADCRead.o
 .debug_abbrev    0x00027b        0x24e build/default/production/Application/FaultIndication/FaultIndication.o
 .debug_abbrev    0x0004c9        0x1ea build/default/production/Application/FlowDetector/FlowDetector.o
 .debug_abbrev    0x0006b3        0x1d4 build/default/production/Application/ModeCheck/ModeCheck.o
 .debug_abbrev    0x000887        0x226 build/default/production/Application/NonVol/NonVol.o
 .debug_abbrev    0x000aad        0x1a3 build/default/production/Application/OptoCouplerControl/OptoCouplerControl.o
 .debug_abbrev    0x000c50        0x1b1 build/default/production/Application/Scheduler/Scheduler.o
 .debug_abbrev    0x000e01         0x93 build/default/production/Application/SelfTest/Class B/classb_clock.o
 .debug_abbrev    0x000e94         0xf9 build/default/production/Application/SelfTest/Class B/classb_crc.o
 .debug_abbrev    0x000f8d         0x14 build/default/production/Application/SelfTest/Class B/classb_checkerboard_.o
 .debug_abbrev    0x000fa1         0x14 build/default/production/Application/SelfTest/Class B/classb_clock_.o
 .debug_abbrev    0x000fb5         0x14 build/default/production/Application/SelfTest/Class B/classb_marchb_.o
 .debug_abbrev    0x000fc9         0x14 build/default/production/Application/SelfTest/Class B/classb_marchc_.o
 .debug_abbrev    0x000fdd         0x10 build/default/production/Application/SelfTest/Class B/classb_pc_.o
 .debug_abbrev    0x000fed         0x14 build/default/production/Application/SelfTest/Class B/classb_registers_.o
 .debug_abbrev    0x001001         0x14 build/default/production/Application/SelfTest/Class B/classb_startup_.o
 .debug_abbrev    0x001015        0x22d build/default/production/Application/SelfTest/SelfTest.o
 .debug_abbrev    0x001242        0x230 build/default/production/Application/SerialDebug/SerialDebug.o
 .debug_abbrev    0x001472        0x217 build/default/production/Application/TemperatureControl/TemperatureControl.o
 .debug_abbrev    0x001689        0x25e build/default/production/Application/UserInterface/UserInterface.o
 .debug_abbrev    0x0018e7         0x14 build/default/production/mcc_generated_files/memory/flash.o
 .debug_abbrev    0x0018fb         0x73 build/default/production/mcc_generated_files/memory/flash_demo.o
 .debug_abbrev    0x00196e        0x18d build/default/production/mcc_generated_files/tmr1.o
 .debug_abbrev    0x001afb         0xf6 build/default/production/mcc_generated_files/reset.o
 .debug_abbrev    0x001bf1        0x13a build/default/production/mcc_generated_files/system.o
 .debug_abbrev    0x001d2b        0x10d build/default/production/mcc_generated_files/traps.o
 .debug_abbrev    0x001e38         0xc5 build/default/production/mcc_generated_files/clock.o
 .debug_abbrev    0x001efd         0xf0 build/default/production/mcc_generated_files/adc1.o
 .debug_abbrev    0x001fed         0xb4 build/default/production/mcc_generated_files/interrupt_manager.o
 .debug_abbrev    0x0020a1        0x115 build/default/production/mcc_generated_files/mcc.o
 .debug_abbrev    0x0021b6        0x215 build/default/production/mcc_generated_files/uart1.o
 .debug_abbrev    0x0023cb         0xc5 build/default/production/mcc_generated_files/pin_manager.o
 .debug_abbrev    0x002490        0x169 build/default/production/mcc_generated_files/tmr2.o
 .debug_abbrev    0x0025f9        0x18d build/default/production/mcc_generated_files/tmr4.o
 .debug_abbrev    0x002786         0xda build/default/production/mcc_generated_files/pwm.o
 .debug_abbrev    0x002860        0x1e2 build/default/production/main.o
 .debug_abbrev    0x002a42        0x1be build/default/production/Events.o
 .debug_abbrev    0x002c00         0xfc build/default/production/IoTranslate.o

.debug_line       0x000000       0x3ba1
 *(.debug_line)
 .debug_line      0x000000        0x26a build/default/production/Application/ADCRead/ADCRead.o
 .debug_line      0x00026a        0x202 build/default/production/Application/FaultIndication/FaultIndication.o
 .debug_line      0x00046c        0x19a build/default/production/Application/FlowDetector/FlowDetector.o
 .debug_line      0x000606        0x1b4 build/default/production/Application/ModeCheck/ModeCheck.o
 .debug_line      0x0007ba        0x244 build/default/production/Application/NonVol/NonVol.o
 .debug_line      0x0009fe        0x1fc build/default/production/Application/OptoCouplerControl/OptoCouplerControl.o
 .debug_line      0x000bfa        0x183 build/default/production/Application/Scheduler/Scheduler.o
 .debug_line      0x000d7d        0x146 build/default/production/Application/SelfTest/Class B/classb_clock.o
 .debug_line      0x000ec3        0x148 build/default/production/Application/SelfTest/Class B/classb_crc.o
 .debug_line      0x00100b         0x88 build/default/production/Application/SelfTest/Class B/classb_checkerboard_.o
 .debug_line      0x001093         0x6e build/default/production/Application/SelfTest/Class B/classb_clock_.o
 .debug_line      0x001101        0x20a build/default/production/Application/SelfTest/Class B/classb_marchb_.o
 .debug_line      0x00130b        0x17e build/default/production/Application/SelfTest/Class B/classb_marchc_.o
 .debug_line      0x001489         0x6b build/default/production/Application/SelfTest/Class B/classb_pc_.o
 .debug_line      0x0014f4         0x99 build/default/production/Application/SelfTest/Class B/classb_registers_.o
 .debug_line      0x00158d         0x75 build/default/production/Application/SelfTest/Class B/classb_startup_.o
 .debug_line      0x001602        0x2c1 build/default/production/Application/SelfTest/SelfTest.o
 .debug_line      0x0018c3        0x3d7 build/default/production/Application/SerialDebug/SerialDebug.o
 .debug_line      0x001c9a        0x418 build/default/production/Application/TemperatureControl/TemperatureControl.o
 .debug_line      0x0020b2        0x3e2 build/default/production/Application/UserInterface/UserInterface.o
 .debug_line      0x002494        0x10b build/default/production/mcc_generated_files/memory/flash.o
 .debug_line      0x00259f         0xb5 build/default/production/mcc_generated_files/memory/flash_demo.o
 .debug_line      0x002654        0x144 build/default/production/mcc_generated_files/tmr1.o
 .debug_line      0x002798        0x13d build/default/production/mcc_generated_files/reset.o
 .debug_line      0x0028d5        0x141 build/default/production/mcc_generated_files/system.o
 .debug_line      0x002a16        0x129 build/default/production/mcc_generated_files/traps.o
 .debug_line      0x002b3f        0x106 build/default/production/mcc_generated_files/clock.o
 .debug_line      0x002c45        0x101 build/default/production/mcc_generated_files/adc1.o
 .debug_line      0x002d46        0x102 build/default/production/mcc_generated_files/interrupt_manager.o
 .debug_line      0x002e48         0xfa build/default/production/mcc_generated_files/mcc.o
 .debug_line      0x002f42        0x1bb build/default/production/mcc_generated_files/uart1.o
 .debug_line      0x0030fd        0x126 build/default/production/mcc_generated_files/pin_manager.o
 .debug_line      0x003223        0x11c build/default/production/mcc_generated_files/tmr2.o
 .debug_line      0x00333f        0x13b build/default/production/mcc_generated_files/tmr4.o
 .debug_line      0x00347a        0x139 build/default/production/mcc_generated_files/pwm.o
 .debug_line      0x0035b3        0x30d build/default/production/main.o
 .debug_line      0x0038c0        0x1af build/default/production/Events.o
 .debug_line      0x003a6f        0x132 build/default/production/IoTranslate.o

.debug_frame      0x000000       0x13c2
 *(.debug_frame)
 .debug_frame     0x000000        0x154 build/default/production/Application/ADCRead/ADCRead.o
 .debug_frame     0x000154         0xb0 build/default/production/Application/FaultIndication/FaultIndication.o
 .debug_frame     0x000204         0x90 build/default/production/Application/FlowDetector/FlowDetector.o
 .debug_frame     0x000294         0x2e build/default/production/Application/ModeCheck/ModeCheck.o
 .debug_frame     0x0002c2         0xc0 build/default/production/Application/NonVol/NonVol.o
 .debug_frame     0x000382         0x2e build/default/production/Application/OptoCouplerControl/OptoCouplerControl.o
 .debug_frame     0x0003b0         0x50 build/default/production/Application/Scheduler/Scheduler.o
 .debug_frame     0x000400         0x38 build/default/production/Application/SelfTest/Class B/classb_clock.o
 .debug_frame     0x000438         0x7c build/default/production/Application/SelfTest/Class B/classb_crc.o
 .debug_frame     0x0004b4         0x7c build/default/production/Application/SelfTest/SelfTest.o
 .debug_frame     0x000530         0xa6 build/default/production/Application/SerialDebug/SerialDebug.o
 .debug_frame     0x0005d6         0xb8 build/default/production/Application/TemperatureControl/TemperatureControl.o
 .debug_frame     0x00068e        0x132 build/default/production/Application/UserInterface/UserInterface.o
 .debug_frame     0x0007c0         0x2e build/default/production/mcc_generated_files/memory/flash_demo.o
 .debug_frame     0x0007ee        0x18a build/default/production/mcc_generated_files/tmr1.o
 .debug_frame     0x000978        0x118 build/default/production/mcc_generated_files/reset.o
 .debug_frame     0x000a90         0x62 build/default/production/mcc_generated_files/system.o
 .debug_frame     0x000af2         0xae build/default/production/mcc_generated_files/traps.o
 .debug_frame     0x000ba0         0x2e build/default/production/mcc_generated_files/clock.o
 .debug_frame     0x000bce         0x62 build/default/production/mcc_generated_files/adc1.o
 .debug_frame     0x000c30         0x2e build/default/production/mcc_generated_files/interrupt_manager.o
 .debug_frame     0x000c5e         0x7c build/default/production/mcc_generated_files/mcc.o
 .debug_frame     0x000cda        0x20e build/default/production/mcc_generated_files/uart1.o
 .debug_frame     0x000ee8         0x2e build/default/production/mcc_generated_files/pin_manager.o
 .debug_frame     0x000f16        0x132 build/default/production/mcc_generated_files/tmr2.o
 .debug_frame     0x001048        0x18a build/default/production/mcc_generated_files/tmr4.o
 .debug_frame     0x0011d2         0xfe build/default/production/mcc_generated_files/pwm.o
 .debug_frame     0x0012d0         0x7c build/default/production/main.o
 .debug_frame     0x00134c         0x48 build/default/production/Events.o
 .debug_frame     0x001394         0x2e build/default/production/IoTranslate.o

.debug_str        0x000000       0x22f8
 *(.debug_str)
 .debug_str       0x000000        0x1c8 build/default/production/Application/ADCRead/ADCRead.o
 .debug_str       0x0001c8        0x1db build/default/production/Application/FaultIndication/FaultIndication.o
 .debug_str       0x0003a3        0x1d0 build/default/production/Application/FlowDetector/FlowDetector.o
 .debug_str       0x000573        0x221 build/default/production/Application/ModeCheck/ModeCheck.o
 .debug_str       0x000794        0x220 build/default/production/Application/NonVol/NonVol.o
 .debug_str       0x0009b4        0x277 build/default/production/Application/OptoCouplerControl/OptoCouplerControl.o
 .debug_str       0x000c2b        0x1b7 build/default/production/Application/Scheduler/Scheduler.o
 .debug_str       0x000de2         0x1f build/default/production/Application/SelfTest/Class B/classb_crc.o
 .debug_str       0x000e01        0x2a2 build/default/production/Application/SelfTest/SelfTest.o
 .debug_str       0x0010a3        0x21a build/default/production/Application/SerialDebug/SerialDebug.o
 .debug_str       0x0012bd        0x21d build/default/production/Application/TemperatureControl/TemperatureControl.o
 .debug_str       0x0014da        0x239 build/default/production/Application/UserInterface/UserInterface.o
 .debug_str       0x001713          0xd build/default/production/mcc_generated_files/memory/flash_demo.o
 .debug_str       0x001720         0x7e build/default/production/mcc_generated_files/tmr1.o
 .debug_str       0x00179e         0x17 build/default/production/mcc_generated_files/reset.o
 .debug_str       0x0017b5        0x17e build/default/production/mcc_generated_files/system.o
 .debug_str       0x001933         0x24 build/default/production/mcc_generated_files/traps.o
 .debug_str       0x001957          0xb build/default/production/mcc_generated_files/clock.o
 .debug_str       0x001962         0x87 build/default/production/mcc_generated_files/adc1.o
 .debug_str       0x0019e9         0x2e build/default/production/mcc_generated_files/interrupt_manager.o
 .debug_str       0x001a17        0x187 build/default/production/mcc_generated_files/mcc.o
 .debug_str       0x001b9e         0x37 build/default/production/mcc_generated_files/uart1.o
 .debug_str       0x001bd5         0x21 build/default/production/mcc_generated_files/pin_manager.o
 .debug_str       0x001bf6         0x13 build/default/production/mcc_generated_files/tmr2.o
 .debug_str       0x001c09         0x32 build/default/production/mcc_generated_files/tmr4.o
 .debug_str       0x001c3b         0xf7 build/default/production/mcc_generated_files/pwm.o
 .debug_str       0x001d32        0x205 build/default/production/main.o
 .debug_str       0x001f37        0x1ef build/default/production/Events.o
 .debug_str       0x002126        0x1d2 build/default/production/IoTranslate.o

.debug_loc
 *(.debug_loc)

.debug_macinfo
 *(.debug_macinfo)

.debug_pubnames
                  0x000000       0x10cd
 *(.debug_pubnames)
 .debug_pubnames
                  0x000000         0x6a build/default/production/Application/ADCRead/ADCRead.o
 .debug_pubnames
                  0x00006a         0x56 build/default/production/Application/FaultIndication/FaultIndication.o
 .debug_pubnames
                  0x0000c0         0x7c build/default/production/Application/FlowDetector/FlowDetector.o
 .debug_pubnames
                  0x00013c         0xaf build/default/production/Application/ModeCheck/ModeCheck.o
 .debug_pubnames
                  0x0001eb         0x9a build/default/production/Application/NonVol/NonVol.o
 .debug_pubnames
                  0x000285         0xa2 build/default/production/Application/OptoCouplerControl/OptoCouplerControl.o
 .debug_pubnames
                  0x000327         0x3b build/default/production/Application/Scheduler/Scheduler.o
 .debug_pubnames
                  0x000362         0x27 build/default/production/Application/SelfTest/Class B/classb_clock.o
 .debug_pubnames
                  0x000389         0x5d build/default/production/Application/SelfTest/Class B/classb_crc.o
 .debug_pubnames
                  0x0003e6         0xce build/default/production/Application/SelfTest/SelfTest.o
 .debug_pubnames
                  0x0004b4         0x40 build/default/production/Application/SerialDebug/SerialDebug.o
 .debug_pubnames
                  0x0004f4         0x70 build/default/production/Application/TemperatureControl/TemperatureControl.o
 .debug_pubnames
                  0x000564         0x9f build/default/production/Application/UserInterface/UserInterface.o
 .debug_pubnames
                  0x000603         0x20 build/default/production/mcc_generated_files/memory/flash_demo.o
 .debug_pubnames
                  0x000623        0x1ba build/default/production/mcc_generated_files/tmr1.o
 .debug_pubnames
                  0x0007dd         0x54 build/default/production/mcc_generated_files/reset.o
 .debug_pubnames
                  0x000831         0x28 build/default/production/mcc_generated_files/system.o
 .debug_pubnames
                  0x000859         0xa4 build/default/production/mcc_generated_files/traps.o
 .debug_pubnames
                  0x0008fd         0x27 build/default/production/mcc_generated_files/clock.o
 .debug_pubnames
                  0x000924         0x47 build/default/production/mcc_generated_files/adc1.o
 .debug_pubnames
                  0x00096b         0x2b build/default/production/mcc_generated_files/interrupt_manager.o
 .debug_pubnames
                  0x000996         0x80 build/default/production/mcc_generated_files/mcc.o
 .debug_pubnames
                  0x000a16        0x19d build/default/production/mcc_generated_files/uart1.o
 .debug_pubnames
                  0x000bb3         0x2d build/default/production/mcc_generated_files/pin_manager.o
 .debug_pubnames
                  0x000be0        0x134 build/default/production/mcc_generated_files/tmr2.o
 .debug_pubnames
                  0x000d14        0x156 build/default/production/mcc_generated_files/tmr4.o
 .debug_pubnames
                  0x000e6a         0xfd build/default/production/mcc_generated_files/pwm.o
 .debug_pubnames
                  0x000f67         0xc7 build/default/production/main.o
 .debug_pubnames
                  0x00102e         0x79 build/default/production/Events.o
 .debug_pubnames
                  0x0010a7         0x26 build/default/production/IoTranslate.o

.debug_ranges
 *(.debug_ranges)

.debug_aranges    0x000000        0x3d0
 *(.debug_aranges)
 .debug_aranges
                  0x000000         0x18 build/default/production/Application/ADCRead/ADCRead.o
 .debug_aranges
                  0x000018         0x18 build/default/production/Application/FaultIndication/FaultIndication.o
 .debug_aranges
                  0x000030         0x18 build/default/production/Application/FlowDetector/FlowDetector.o
 .debug_aranges
                  0x000048         0x18 build/default/production/Application/ModeCheck/ModeCheck.o
 .debug_aranges
                  0x000060         0x18 build/default/production/Application/NonVol/NonVol.o
 .debug_aranges
                  0x000078         0x18 build/default/production/Application/OptoCouplerControl/OptoCouplerControl.o
 .debug_aranges
                  0x000090         0x18 build/default/production/Application/Scheduler/Scheduler.o
 .debug_aranges
                  0x0000a8         0x18 build/default/production/Application/SelfTest/Class B/classb_clock.o
 .debug_aranges
                  0x0000c0         0x18 build/default/production/Application/SelfTest/Class B/classb_crc.o
 .debug_aranges
                  0x0000d8         0x18 build/default/production/Application/SelfTest/Class B/classb_checkerboard_.o
 .debug_aranges
                  0x0000f0         0x18 build/default/production/Application/SelfTest/Class B/classb_clock_.o
 .debug_aranges
                  0x000108         0x18 build/default/production/Application/SelfTest/Class B/classb_marchb_.o
 .debug_aranges
                  0x000120         0x18 build/default/production/Application/SelfTest/Class B/classb_marchc_.o
 .debug_aranges
                  0x000138         0x20 build/default/production/Application/SelfTest/Class B/classb_pc_.o
 .debug_aranges
                  0x000158         0x18 build/default/production/Application/SelfTest/Class B/classb_registers_.o
 .debug_aranges
                  0x000170         0x18 build/default/production/Application/SelfTest/Class B/classb_startup_.o
 .debug_aranges
                  0x000188         0x18 build/default/production/Application/SelfTest/SelfTest.o
 .debug_aranges
                  0x0001a0         0x18 build/default/production/Application/SerialDebug/SerialDebug.o
 .debug_aranges
                  0x0001b8         0x18 build/default/production/Application/TemperatureControl/TemperatureControl.o
 .debug_aranges
                  0x0001d0         0x18 build/default/production/Application/UserInterface/UserInterface.o
 .debug_aranges
                  0x0001e8         0x18 build/default/production/mcc_generated_files/memory/flash.o
 .debug_aranges
                  0x000200         0x18 build/default/production/mcc_generated_files/memory/flash_demo.o
 .debug_aranges
                  0x000218         0x18 build/default/production/mcc_generated_files/tmr1.o
 .debug_aranges
                  0x000230         0x18 build/default/production/mcc_generated_files/reset.o
 .debug_aranges
                  0x000248         0x18 build/default/production/mcc_generated_files/system.o
 .debug_aranges
                  0x000260         0x50 build/default/production/mcc_generated_files/traps.o
 .debug_aranges
                  0x0002b0         0x18 build/default/production/mcc_generated_files/clock.o
 .debug_aranges
                  0x0002c8         0x18 build/default/production/mcc_generated_files/adc1.o
 .debug_aranges
                  0x0002e0         0x18 build/default/production/mcc_generated_files/interrupt_manager.o
 .debug_aranges
                  0x0002f8         0x18 build/default/production/mcc_generated_files/mcc.o
 .debug_aranges
                  0x000310         0x18 build/default/production/mcc_generated_files/uart1.o
 .debug_aranges
                  0x000328         0x18 build/default/production/mcc_generated_files/pin_manager.o
 .debug_aranges
                  0x000340         0x18 build/default/production/mcc_generated_files/tmr2.o
 .debug_aranges
                  0x000358         0x18 build/default/production/mcc_generated_files/tmr4.o
 .debug_aranges
                  0x000370         0x18 build/default/production/mcc_generated_files/pwm.o
 .debug_aranges
                  0x000388         0x18 build/default/production/main.o
 .debug_aranges
                  0x0003a0         0x18 build/default/production/Events.o
 .debug_aranges
                  0x0003b8         0x18 build/default/production/IoTranslate.o
                    0x0000                  WREG0 = 0x0
                    0x0000                  _WREG0 = 0x0
                    0x0002                  WREG1 = 0x2
                    0x0002                  _WREG1 = 0x2
                    0x0004                  WREG2 = 0x4
                    0x0004                  _WREG2 = 0x4
                    0x0006                  WREG3 = 0x6
                    0x0006                  _WREG3 = 0x6
                    0x0008                  WREG4 = 0x8
                    0x0008                  _WREG4 = 0x8
                    0x000a                  WREG5 = 0xa
                    0x000a                  _WREG5 = 0xa
                    0x000c                  WREG6 = 0xc
                    0x000c                  _WREG6 = 0xc
                    0x000e                  WREG7 = 0xe
                    0x000e                  _WREG7 = 0xe
                    0x0010                  WREG8 = 0x10
                    0x0010                  _WREG8 = 0x10
                    0x0012                  WREG9 = 0x12
                    0x0012                  _WREG9 = 0x12
                    0x0014                  WREG10 = 0x14
                    0x0014                  _WREG10 = 0x14
                    0x0016                  WREG11 = 0x16
                    0x0016                  _WREG11 = 0x16
                    0x0018                  WREG12 = 0x18
                    0x0018                  _WREG12 = 0x18
                    0x001a                  WREG13 = 0x1a
                    0x001a                  _WREG13 = 0x1a
                    0x001c                  WREG14 = 0x1c
                    0x001c                  _WREG14 = 0x1c
                    0x001e                  WREG15 = 0x1e
                    0x001e                  _WREG15 = 0x1e
                    0x0020                  SPLIM = 0x20
                    0x0020                  _SPLIM = 0x20
                    0x0022                  ACCAL = 0x22
                    0x0022                  _ACCAL = 0x22
                    0x0024                  ACCAH = 0x24
                    0x0024                  _ACCAH = 0x24
                    0x0026                  ACCAU = 0x26
                    0x0026                  _ACCAU = 0x26
                    0x0028                  ACCBL = 0x28
                    0x0028                  _ACCBL = 0x28
                    0x002a                  ACCBH = 0x2a
                    0x002a                  _ACCBH = 0x2a
                    0x002c                  ACCBU = 0x2c
                    0x002c                  _ACCBU = 0x2c
                    0x002e                  PCL = 0x2e
                    0x002e                  _PCL = 0x2e
                    0x0030                  PCH = 0x30
                    0x0030                  _PCH = 0x30
                    0x0032                  DSRPAG = 0x32
                    0x0032                  _DSRPAG = 0x32
                    0x0032                  _DSRPAGbits = 0x32
                    0x0034                  DSWPAG = 0x34
                    0x0034                  _DSWPAG = 0x34
                    0x0034                  _DSWPAGbits = 0x34
                    0x0036                  RCOUNT = 0x36
                    0x0036                  _RCOUNT = 0x36
                    0x0038                  DCOUNT = 0x38
                    0x0038                  _DCOUNT = 0x38
                    0x003a                  DOSTARTL = 0x3a
                    0x003a                  _DOSTARTL = 0x3a
                    0x003c                  DOSTARTH = 0x3c
                    0x003c                  _DOSTARTH = 0x3c
                    0x003e                  DOENDL = 0x3e
                    0x003e                  _DOENDL = 0x3e
                    0x0040                  DOENDH = 0x40
                    0x0040                  _DOENDH = 0x40
                    0x0042                  SR = 0x42
                    0x0042                  _SR = 0x42
                    0x0042                  _SRbits = 0x42
                    0x0044                  CORCON = 0x44
                    0x0044                  _CORCON = 0x44
                    0x0044                  _CORCONbits = 0x44
                    0x0046                  MODCON = 0x46
                    0x0046                  _MODCON = 0x46
                    0x0046                  _MODCONbits = 0x46
                    0x0048                  XMODSRT = 0x48
                    0x0048                  _XMODSRT = 0x48
                    0x004a                  XMODEND = 0x4a
                    0x004a                  _XMODEND = 0x4a
                    0x004c                  YMODSRT = 0x4c
                    0x004c                  _YMODSRT = 0x4c
                    0x004e                  YMODEND = 0x4e
                    0x004e                  _YMODEND = 0x4e
                    0x0050                  XBREV = 0x50
                    0x0050                  _XBREV = 0x50
                    0x0050                  _XBREVbits = 0x50
                    0x0052                  DISICNT = 0x52
                    0x0052                  _DISICNT = 0x52
                    0x0054                  TBLPAG = 0x54
                    0x0054                  _TBLPAG = 0x54
                    0x0054                  _TBLPAGbits = 0x54
                    0x0058                  MSTRPR = 0x58
                    0x0058                  _MSTRPR = 0x58
                    0x005a                  CTXTSTAT = 0x5a
                    0x005a                  _CTXTSTAT = 0x5a
                    0x005a                  _CTXTSTATbits = 0x5a
                    0x0100                  TMR1 = 0x100
                    0x0100                  _TMR1 = 0x100
                    0x0102                  PR1 = 0x102
                    0x0102                  _PR1 = 0x102
                    0x0104                  T1CON = 0x104
                    0x0104                  _T1CON = 0x104
                    0x0104                  _T1CONbits = 0x104
                    0x0106                  TMR2 = 0x106
                    0x0106                  _TMR2 = 0x106
                    0x0108                  TMR3HLD = 0x108
                    0x0108                  _TMR3HLD = 0x108
                    0x010a                  TMR3 = 0x10a
                    0x010a                  _TMR3 = 0x10a
                    0x010c                  PR2 = 0x10c
                    0x010c                  _PR2 = 0x10c
                    0x010e                  PR3 = 0x10e
                    0x010e                  _PR3 = 0x10e
                    0x0110                  T2CON = 0x110
                    0x0110                  _T2CON = 0x110
                    0x0110                  _T2CONbits = 0x110
                    0x0112                  T3CON = 0x112
                    0x0112                  _T3CON = 0x112
                    0x0112                  _T3CONbits = 0x112
                    0x0114                  TMR4 = 0x114
                    0x0114                  _TMR4 = 0x114
                    0x0116                  TMR5HLD = 0x116
                    0x0116                  _TMR5HLD = 0x116
                    0x0118                  TMR5 = 0x118
                    0x0118                  _TMR5 = 0x118
                    0x011a                  PR4 = 0x11a
                    0x011a                  _PR4 = 0x11a
                    0x011c                  PR5 = 0x11c
                    0x011c                  _PR5 = 0x11c
                    0x011e                  T4CON = 0x11e
                    0x011e                  _T4CON = 0x11e
                    0x011e                  _T4CONbits = 0x11e
                    0x0120                  T5CON = 0x120
                    0x0120                  _T5CON = 0x120
                    0x0120                  _T5CONbits = 0x120
                    0x0140                  IC1CON1 = 0x140
                    0x0140                  _IC1CON1 = 0x140
                    0x0140                  _IC1CON1bits = 0x140
                    0x0142                  IC1CON2 = 0x142
                    0x0142                  _IC1CON2 = 0x142
                    0x0142                  _IC1CON2bits = 0x142
                    0x0144                  IC1BUF = 0x144
                    0x0144                  _IC1BUF = 0x144
                    0x0146                  IC1TMR = 0x146
                    0x0146                  _IC1TMR = 0x146
                    0x0148                  IC2CON1 = 0x148
                    0x0148                  _IC2CON1 = 0x148
                    0x0148                  _IC2CON1bits = 0x148
                    0x014a                  IC2CON2 = 0x14a
                    0x014a                  _IC2CON2 = 0x14a
                    0x014a                  _IC2CON2bits = 0x14a
                    0x014c                  IC2BUF = 0x14c
                    0x014c                  _IC2BUF = 0x14c
                    0x014e                  IC2TMR = 0x14e
                    0x014e                  _IC2TMR = 0x14e
                    0x0150                  IC3CON1 = 0x150
                    0x0150                  _IC3CON1 = 0x150
                    0x0150                  _IC3CON1bits = 0x150
                    0x0152                  IC3CON2 = 0x152
                    0x0152                  _IC3CON2 = 0x152
                    0x0152                  _IC3CON2bits = 0x152
                    0x0154                  IC3BUF = 0x154
                    0x0154                  _IC3BUF = 0x154
                    0x0156                  IC3TMR = 0x156
                    0x0156                  _IC3TMR = 0x156
                    0x0158                  IC4CON1 = 0x158
                    0x0158                  _IC4CON1 = 0x158
                    0x0158                  _IC4CON1bits = 0x158
                    0x015a                  IC4CON2 = 0x15a
                    0x015a                  _IC4CON2 = 0x15a
                    0x015a                  _IC4CON2bits = 0x15a
                    0x015c                  IC4BUF = 0x15c
                    0x015c                  _IC4BUF = 0x15c
                    0x015e                  IC4TMR = 0x15e
                    0x015e                  _IC4TMR = 0x15e
                    0x0200                  I2C1CON1 = 0x200
                    0x0200                  _I2C1CON1 = 0x200
                    0x0200                  _I2C1CON1bits = 0x200
                    0x0200                  I2C1CONL = 0x200
                    0x0200                  _I2C1CONL = 0x200
                    0x0200                  _I2C1CONLbits = 0x200
                    0x0202                  I2C1CON2 = 0x202
                    0x0202                  _I2C1CON2 = 0x202
                    0x0202                  _I2C1CON2bits = 0x202
                    0x0202                  I2C1CONH = 0x202
                    0x0202                  _I2C1CONH = 0x202
                    0x0202                  _I2C1CONHbits = 0x202
                    0x0204                  I2C1STAT = 0x204
                    0x0204                  _I2C1STAT = 0x204
                    0x0204                  _I2C1STATbits = 0x204
                    0x0206                  I2C1ADD = 0x206
                    0x0206                  _I2C1ADD = 0x206
                    0x0206                  _I2C1ADDbits = 0x206
                    0x0208                  I2C1MSK = 0x208
                    0x0208                  _I2C1MSK = 0x208
                    0x0208                  _I2C1MSKbits = 0x208
                    0x020a                  I2C1BRG = 0x20a
                    0x020a                  _I2C1BRG = 0x20a
                    0x020c                  I2C1TRN = 0x20c
                    0x020c                  _I2C1TRN = 0x20c
                    0x020c                  _I2C1TRNbits = 0x20c
                    0x020e                  I2C1RCV = 0x20e
                    0x020e                  _I2C1RCV = 0x20e
                    0x020e                  _I2C1RCVbits = 0x20e
                    0x0220                  U1MODE = 0x220
                    0x0220                  _U1MODE = 0x220
                    0x0220                  _U1MODEbits = 0x220
                    0x0222                  U1STA = 0x222
                    0x0222                  _U1STA = 0x222
                    0x0222                  _U1STAbits = 0x222
                    0x0224                  U1TXREG = 0x224
                    0x0224                  _U1TXREG = 0x224
                    0x0226                  U1RXREG = 0x226
                    0x0226                  _U1RXREG = 0x226
                    0x0228                  U1BRG = 0x228
                    0x0228                  _U1BRG = 0x228
                    0x0230                  U2MODE = 0x230
                    0x0230                  _U2MODE = 0x230
                    0x0230                  _U2MODEbits = 0x230
                    0x0232                  U2STA = 0x232
                    0x0232                  _U2STA = 0x232
                    0x0232                  _U2STAbits = 0x232
                    0x0234                  U2TXREG = 0x234
                    0x0234                  _U2TXREG = 0x234
                    0x0236                  U2RXREG = 0x236
                    0x0236                  _U2RXREG = 0x236
                    0x0238                  U2BRG = 0x238
                    0x0238                  _U2BRG = 0x238
                    0x0240                  SPI1STAT = 0x240
                    0x0240                  _SPI1STAT = 0x240
                    0x0240                  _SPI1STATbits = 0x240
                    0x0242                  SPI1CON1 = 0x242
                    0x0242                  _SPI1CON1 = 0x242
                    0x0242                  _SPI1CON1bits = 0x242
                    0x0244                  SPI1CON2 = 0x244
                    0x0244                  _SPI1CON2 = 0x244
                    0x0244                  _SPI1CON2bits = 0x244
                    0x0248                  SPI1BUF = 0x248
                    0x0248                  _SPI1BUF = 0x248
                    0x0260                  SPI2STAT = 0x260
                    0x0260                  _SPI2STAT = 0x260
                    0x0260                  _SPI2STATbits = 0x260
                    0x0262                  SPI2CON1 = 0x262
                    0x0262                  _SPI2CON1 = 0x262
                    0x0262                  _SPI2CON1bits = 0x262
                    0x0264                  SPI2CON2 = 0x264
                    0x0264                  _SPI2CON2 = 0x264
                    0x0264                  _SPI2CON2bits = 0x264
                    0x0268                  SPI2BUF = 0x268
                    0x0268                  _SPI2BUF = 0x268
                    0x0300                  ADC1BUF0 = 0x300
                    0x0300                  _ADC1BUF0 = 0x300
                    0x0302                  ADC1BUF1 = 0x302
                    0x0302                  _ADC1BUF1 = 0x302
                    0x0304                  ADC1BUF2 = 0x304
                    0x0304                  _ADC1BUF2 = 0x304
                    0x0306                  ADC1BUF3 = 0x306
                    0x0306                  _ADC1BUF3 = 0x306
                    0x0308                  ADC1BUF4 = 0x308
                    0x0308                  _ADC1BUF4 = 0x308
                    0x030a                  ADC1BUF5 = 0x30a
                    0x030a                  _ADC1BUF5 = 0x30a
                    0x030c                  ADC1BUF6 = 0x30c
                    0x030c                  _ADC1BUF6 = 0x30c
                    0x030e                  ADC1BUF7 = 0x30e
                    0x030e                  _ADC1BUF7 = 0x30e
                    0x0310                  ADC1BUF8 = 0x310
                    0x0310                  _ADC1BUF8 = 0x310
                    0x0312                  ADC1BUF9 = 0x312
                    0x0312                  _ADC1BUF9 = 0x312
                    0x0314                  ADC1BUFA = 0x314
                    0x0314                  _ADC1BUFA = 0x314
                    0x0316                  ADC1BUFB = 0x316
                    0x0316                  _ADC1BUFB = 0x316
                    0x0318                  ADC1BUFC = 0x318
                    0x0318                  _ADC1BUFC = 0x318
                    0x031a                  ADC1BUFD = 0x31a
                    0x031a                  _ADC1BUFD = 0x31a
                    0x031c                  ADC1BUFE = 0x31c
                    0x031c                  _ADC1BUFE = 0x31c
                    0x031e                  ADC1BUFF = 0x31e
                    0x031e                  _ADC1BUFF = 0x31e
                    0x0320                  AD1CON1 = 0x320
                    0x0320                  _AD1CON1 = 0x320
                    0x0320                  _AD1CON1bits = 0x320
                    0x0322                  AD1CON2 = 0x322
                    0x0322                  _AD1CON2 = 0x322
                    0x0322                  _AD1CON2bits = 0x322
                    0x0324                  AD1CON3 = 0x324
                    0x0324                  _AD1CON3 = 0x324
                    0x0324                  _AD1CON3bits = 0x324
                    0x0326                  AD1CHS123 = 0x326
                    0x0326                  _AD1CHS123 = 0x326
                    0x0326                  _AD1CHS123bits = 0x326
                    0x0328                  AD1CHS0 = 0x328
                    0x0328                  _AD1CHS0 = 0x328
                    0x0328                  _AD1CHS0bits = 0x328
                    0x032e                  AD1CSSH = 0x32e
                    0x032e                  _AD1CSSH = 0x32e
                    0x032e                  _AD1CSSHbits = 0x32e
                    0x0330                  AD1CSSL = 0x330
                    0x0330                  _AD1CSSL = 0x330
                    0x0330                  _AD1CSSLbits = 0x330
                    0x0332                  AD1CON4 = 0x332
                    0x0332                  _AD1CON4 = 0x332
                    0x0332                  _AD1CON4bits = 0x332
                    0x033a                  CTMUCON1 = 0x33a
                    0x033a                  _CTMUCON1 = 0x33a
                    0x033a                  _CTMUCON1bits = 0x33a
                    0x033c                  CTMUCON2 = 0x33c
                    0x033c                  _CTMUCON2 = 0x33c
                    0x033c                  _CTMUCON2bits = 0x33c
                    0x033e                  CTMUICON = 0x33e
                    0x033e                  _CTMUICON = 0x33e
                    0x033e                  _CTMUICONbits = 0x33e
                    0x0500                  SENT1CON1 = 0x500
                    0x0500                  _SENT1CON1 = 0x500
                    0x0500                  _SENT1CON1bits = 0x500
                    0x0504                  SENT1CON2 = 0x504
                    0x0504                  _SENT1CON2 = 0x504
                    0x0508                  SENT1CON3 = 0x508
                    0x0508                  _SENT1CON3 = 0x508
                    0x050c                  SENT1STAT = 0x50c
                    0x050c                  _SENT1STAT = 0x50c
                    0x050c                  _SENT1STATbits = 0x50c
                    0x0510                  SENT1SYNC = 0x510
                    0x0510                  _SENT1SYNC = 0x510
                    0x0514                  SENT1DATL = 0x514
                    0x0514                  _SENT1DATL = 0x514
                    0x0514                  _SENT1DATLbits = 0x514
                    0x0516                  SENT1DATH = 0x516
                    0x0516                  _SENT1DATH = 0x516
                    0x0516                  _SENT1DATHbits = 0x516
                    0x0520                  SENT2CON1 = 0x520
                    0x0520                  _SENT2CON1 = 0x520
                    0x0520                  _SENT2CON1bits = 0x520
                    0x0524                  SENT2CON2 = 0x524
                    0x0524                  _SENT2CON2 = 0x524
                    0x0528                  SENT2CON3 = 0x528
                    0x0528                  _SENT2CON3 = 0x528
                    0x052c                  SENT2STAT = 0x52c
                    0x052c                  _SENT2STAT = 0x52c
                    0x052c                  _SENT2STATbits = 0x52c
                    0x0530                  SENT2SYNC = 0x530
                    0x0530                  _SENT2SYNC = 0x530
                    0x0534                  SENT2DATL = 0x534
                    0x0534                  _SENT2DATL = 0x534
                    0x0534                  _SENT2DATLbits = 0x534
                    0x0536                  SENT2DATH = 0x536
                    0x0536                  _SENT2DATH = 0x536
                    0x0536                  _SENT2DATHbits = 0x536
                    0x0670                  RPOR0 = 0x670
                    0x0670                  _RPOR0 = 0x670
                    0x0670                  _RPOR0bits = 0x670
                    0x0672                  RPOR1 = 0x672
                    0x0672                  _RPOR1 = 0x672
                    0x0672                  _RPOR1bits = 0x672
                    0x0674                  RPOR2 = 0x674
                    0x0674                  _RPOR2 = 0x674
                    0x0674                  _RPOR2bits = 0x674
                    0x0676                  RPOR3 = 0x676
                    0x0676                  _RPOR3 = 0x676
                    0x0676                  _RPOR3bits = 0x676
                    0x0678                  RPOR4 = 0x678
                    0x0678                  _RPOR4 = 0x678
                    0x0678                  _RPOR4bits = 0x678
                    0x067a                  RPOR5 = 0x67a
                    0x067a                  _RPOR5 = 0x67a
                    0x067a                  _RPOR5bits = 0x67a
                    0x067c                  RPOR6 = 0x67c
                    0x067c                  _RPOR6 = 0x67c
                    0x067c                  _RPOR6bits = 0x67c
                    0x067e                  RPOR7 = 0x67e
                    0x067e                  _RPOR7 = 0x67e
                    0x067e                  _RPOR7bits = 0x67e
                    0x0680                  RPOR8 = 0x680
                    0x0680                  _RPOR8 = 0x680
                    0x0680                  _RPOR8bits = 0x680
                    0x0682                  RPOR9 = 0x682
                    0x0682                  _RPOR9 = 0x682
                    0x0682                  _RPOR9bits = 0x682
                    0x0684                  RPOR10 = 0x684
                    0x0684                  _RPOR10 = 0x684
                    0x0684                  _RPOR10bits = 0x684
                    0x0686                  RPOR11 = 0x686
                    0x0686                  _RPOR11 = 0x686
                    0x0686                  _RPOR11bits = 0x686
                    0x0688                  RPOR12 = 0x688
                    0x0688                  _RPOR12 = 0x688
                    0x0688                  _RPOR12bits = 0x688
                    0x068a                  RPOR13 = 0x68a
                    0x068a                  _RPOR13 = 0x68a
                    0x068a                  _RPOR13bits = 0x68a
                    0x06a0                  RPINR0 = 0x6a0
                    0x06a0                  _RPINR0 = 0x6a0
                    0x06a0                  _RPINR0bits = 0x6a0
                    0x06a2                  RPINR1 = 0x6a2
                    0x06a2                  _RPINR1 = 0x6a2
                    0x06a2                  _RPINR1bits = 0x6a2
                    0x06a6                  RPINR3 = 0x6a6
                    0x06a6                  _RPINR3 = 0x6a6
                    0x06a6                  _RPINR3bits = 0x6a6
                    0x06ae                  RPINR7 = 0x6ae
                    0x06ae                  _RPINR7 = 0x6ae
                    0x06ae                  _RPINR7bits = 0x6ae
                    0x06b0                  RPINR8 = 0x6b0
                    0x06b0                  _RPINR8 = 0x6b0
                    0x06b0                  _RPINR8bits = 0x6b0
                    0x06b6                  RPINR11 = 0x6b6
                    0x06b6                  _RPINR11 = 0x6b6
                    0x06b6                  _RPINR11bits = 0x6b6
                    0x06b8                  RPINR12 = 0x6b8
                    0x06b8                  _RPINR12 = 0x6b8
                    0x06b8                  _RPINR12bits = 0x6b8
                    0x06c4                  RPINR18 = 0x6c4
                    0x06c4                  _RPINR18 = 0x6c4
                    0x06c4                  _RPINR18bits = 0x6c4
                    0x06c6                  RPINR19 = 0x6c6
                    0x06c6                  _RPINR19 = 0x6c6
                    0x06c6                  _RPINR19bits = 0x6c6
                    0x06cc                  RPINR22 = 0x6cc
                    0x06cc                  _RPINR22 = 0x6cc
                    0x06cc                  _RPINR22bits = 0x6cc
                    0x06ce                  RPINR23 = 0x6ce
                    0x06ce                  _RPINR23 = 0x6ce
                    0x06ce                  _RPINR23bits = 0x6ce
                    0x06ea                  RPINR37 = 0x6ea
                    0x06ea                  _RPINR37 = 0x6ea
                    0x06ea                  _RPINR37bits = 0x6ea
                    0x06ec                  RPINR38 = 0x6ec
                    0x06ec                  _RPINR38 = 0x6ec
                    0x06ec                  _RPINR38bits = 0x6ec
                    0x06ee                  RPINR39 = 0x6ee
                    0x06ee                  _RPINR39 = 0x6ee
                    0x06ee                  _RPINR39bits = 0x6ee
                    0x06f8                  RPINR44 = 0x6f8
                    0x06f8                  _RPINR44 = 0x6f8
                    0x06f8                  _RPINR44bits = 0x6f8
                    0x06fa                  RPINR45 = 0x6fa
                    0x06fa                  _RPINR45 = 0x6fa
                    0x06fa                  _RPINR45bits = 0x6fa
                    0x0700                  DMTCON = 0x700
                    0x0700                  _DMTCON = 0x700
                    0x0700                  _DMTCONbits = 0x700
                    0x0704                  DMTPRECLR = 0x704
                    0x0704                  _DMTPRECLR = 0x704
                    0x0704                  _DMTPRECLRbits = 0x704
                    0x0708                  DMTCLR = 0x708
                    0x0708                  _DMTCLR = 0x708
                    0x0708                  _DMTCLRbits = 0x708
                    0x070c                  DMTSTAT = 0x70c
                    0x070c                  _DMTSTAT = 0x70c
                    0x070c                  _DMTSTATbits = 0x70c
                    0x0710                  DMTCNTL = 0x710
                    0x0710                  _DMTCNTL = 0x710
                    0x0712                  DMTCNTH = 0x712
                    0x0712                  _DMTCNTH = 0x712
                    0x0714                  DMTHOLDREG = 0x714
                    0x0714                  _DMTHOLDREG = 0x714
                    0x0718                  DMTPSCNTL = 0x718
                    0x0718                  _DMTPSCNTL = 0x718
                    0x071a                  DMTPSCNTH = 0x71a
                    0x071a                  _DMTPSCNTH = 0x71a
                    0x071c                  DMTPSINTVL = 0x71c
                    0x071c                  _DMTPSINTVL = 0x71c
                    0x071e                  DMTPSINTVH = 0x71e
                    0x071e                  _DMTPSINTVH = 0x71e
                    0x0728                  NVMCON = 0x728
                    0x0728                  _NVMCON = 0x728
                    0x0728                  _NVMCONbits = 0x728
                    0x072a                  NVMADR = 0x72a
                    0x072a                  _NVMADR = 0x72a
                    0x072c                  NVMADRU = 0x72c
                    0x072c                  _NVMADRU = 0x72c
                    0x072c                  _NVMADRUbits = 0x72c
                    0x072e                  NVMKEY = 0x72e
                    0x072e                  _NVMKEY = 0x72e
                    0x0730                  NVMSRCADRL = 0x730
                    0x0730                  _NVMSRCADRL = 0x730
                    0x0732                  NVMSRCADRH = 0x732
                    0x0732                  _NVMSRCADRH = 0x732
                    0x0732                  _NVMSRCADRHbits = 0x732
                    0x0740                  RCON = 0x740
                    0x0740                  _RCON = 0x740
                    0x0740                  _RCONbits = 0x740
                    0x0742                  OSCCON = 0x742
                    0x0742                  _OSCCON = 0x742
                    0x0742                  _OSCCONbits = 0x742
                    0x0742                  OSCCONL = 0x742
                    0x0742                  _OSCCONL = 0x742
                    0x0743                  OSCCONH = 0x743
                    0x0743                  _OSCCONH = 0x743
                    0x0744                  CLKDIV = 0x744
                    0x0744                  _CLKDIV = 0x744
                    0x0744                  _CLKDIVbits = 0x744
                    0x0746                  PLLFBD = 0x746
                    0x0746                  _PLLFBD = 0x746
                    0x0746                  _PLLFBDbits = 0x746
                    0x0748                  OSCTUN = 0x748
                    0x0748                  _OSCTUN = 0x748
                    0x0748                  _OSCTUNbits = 0x748
                    0x074e                  REFOCON = 0x74e
                    0x074e                  _REFOCON = 0x74e
                    0x074e                  _REFOCONbits = 0x74e
                    0x0760                  PMD1 = 0x760
                    0x0760                  _PMD1 = 0x760
                    0x0760                  _PMD1bits = 0x760
                    0x0762                  PMD2 = 0x762
                    0x0762                  _PMD2 = 0x762
                    0x0762                  _PMD2bits = 0x762
                    0x0764                  PMD3 = 0x764
                    0x0764                  _PMD3 = 0x764
                    0x0764                  _PMD3bits = 0x764
                    0x0766                  PMD4 = 0x766
                    0x0766                  _PMD4 = 0x766
                    0x0766                  _PMD4bits = 0x766
                    0x076a                  PMD6 = 0x76a
                    0x076a                  _PMD6 = 0x76a
                    0x076a                  _PMD6bits = 0x76a
                    0x076c                  PMD7 = 0x76c
                    0x076c                  _PMD7 = 0x76c
                    0x076c                  _PMD7bits = 0x76c
                    0x076e                  PMD8 = 0x76e
                    0x076e                  _PMD8 = 0x76e
                    0x076e                  _PMD8bits = 0x76e
                    0x0800                  IFS0 = 0x800
                    0x0800                  _IFS0 = 0x800
                    0x0800                  _IFS0bits = 0x800
                    0x0802                  IFS1 = 0x802
                    0x0802                  _IFS1 = 0x802
                    0x0802                  _IFS1bits = 0x802
                    0x0804                  IFS2 = 0x804
                    0x0804                  _IFS2 = 0x804
                    0x0804                  _IFS2bits = 0x804
                    0x0806                  IFS3 = 0x806
                    0x0806                  _IFS3 = 0x806
                    0x0806                  _IFS3bits = 0x806
                    0x0808                  IFS4 = 0x808
                    0x0808                  _IFS4 = 0x808
                    0x0808                  _IFS4bits = 0x808
                    0x080a                  IFS5 = 0x80a
                    0x080a                  _IFS5 = 0x80a
                    0x080a                  _IFS5bits = 0x80a
                    0x080c                  IFS6 = 0x80c
                    0x080c                  _IFS6 = 0x80c
                    0x080c                  _IFS6bits = 0x80c
                    0x0810                  IFS8 = 0x810
                    0x0810                  _IFS8 = 0x810
                    0x0810                  _IFS8bits = 0x810
                    0x0814                  IFS10 = 0x814
                    0x0814                  _IFS10 = 0x814
                    0x0814                  _IFS10bits = 0x814
                    0x0816                  IFS11 = 0x816
                    0x0816                  _IFS11 = 0x816
                    0x0816                  _IFS11bits = 0x816
                    0x0820                  IEC0 = 0x820
                    0x0820                  _IEC0 = 0x820
                    0x0820                  _IEC0bits = 0x820
                    0x0822                  IEC1 = 0x822
                    0x0822                  _IEC1 = 0x822
                    0x0822                  _IEC1bits = 0x822
                    0x0824                  IEC2 = 0x824
                    0x0824                  _IEC2 = 0x824
                    0x0824                  _IEC2bits = 0x824
                    0x0826                  IEC3 = 0x826
                    0x0826                  _IEC3 = 0x826
                    0x0826                  _IEC3bits = 0x826
                    0x0828                  IEC4 = 0x828
                    0x0828                  _IEC4 = 0x828
                    0x0828                  _IEC4bits = 0x828
                    0x082a                  IEC5 = 0x82a
                    0x082a                  _IEC5 = 0x82a
                    0x082a                  _IEC5bits = 0x82a
                    0x082c                  IEC6 = 0x82c
                    0x082c                  _IEC6 = 0x82c
                    0x082c                  _IEC6bits = 0x82c
                    0x0830                  IEC8 = 0x830
                    0x0830                  _IEC8 = 0x830
                    0x0830                  _IEC8bits = 0x830
                    0x0834                  IEC10 = 0x834
                    0x0834                  _IEC10 = 0x834
                    0x0834                  _IEC10bits = 0x834
                    0x0836                  IEC11 = 0x836
                    0x0836                  _IEC11 = 0x836
                    0x0836                  _IEC11bits = 0x836
                    0x0840                  IPC0 = 0x840
                    0x0840                  _IPC0 = 0x840
                    0x0840                  _IPC0bits = 0x840
                    0x0842                  IPC1 = 0x842
                    0x0842                  _IPC1 = 0x842
                    0x0842                  _IPC1bits = 0x842
                    0x0844                  IPC2 = 0x844
                    0x0844                  _IPC2 = 0x844
                    0x0844                  _IPC2bits = 0x844
                    0x0846                  IPC3 = 0x846
                    0x0846                  _IPC3 = 0x846
                    0x0846                  _IPC3bits = 0x846
                    0x0848                  IPC4 = 0x848
                    0x0848                  _IPC4 = 0x848
                    0x0848                  _IPC4bits = 0x848
                    0x084a                  IPC5 = 0x84a
                    0x084a                  _IPC5 = 0x84a
                    0x084a                  _IPC5bits = 0x84a
                    0x084c                  IPC6 = 0x84c
                    0x084c                  _IPC6 = 0x84c
                    0x084c                  _IPC6bits = 0x84c
                    0x084e                  IPC7 = 0x84e
                    0x084e                  _IPC7 = 0x84e
                    0x084e                  _IPC7bits = 0x84e
                    0x0850                  IPC8 = 0x850
                    0x0850                  _IPC8 = 0x850
                    0x0850                  _IPC8bits = 0x850
                    0x0852                  IPC9 = 0x852
                    0x0852                  _IPC9 = 0x852
                    0x0852                  _IPC9bits = 0x852
                    0x085c                  IPC14 = 0x85c
                    0x085c                  _IPC14 = 0x85c
                    0x085c                  _IPC14bits = 0x85c
                    0x0860                  IPC16 = 0x860
                    0x0860                  _IPC16 = 0x860
                    0x0860                  _IPC16bits = 0x860
                    0x0862                  IPC17 = 0x862
                    0x0862                  _IPC17 = 0x862
                    0x0862                  _IPC17bits = 0x862
                    0x0866                  IPC19 = 0x866
                    0x0866                  _IPC19 = 0x866
                    0x0866                  _IPC19bits = 0x866
                    0x086e                  IPC23 = 0x86e
                    0x086e                  _IPC23 = 0x86e
                    0x086e                  _IPC23bits = 0x86e
                    0x0870                  IPC24 = 0x870
                    0x0870                  _IPC24 = 0x870
                    0x0870                  _IPC24bits = 0x870
                    0x0886                  IPC35 = 0x886
                    0x0886                  _IPC35 = 0x886
                    0x0886                  _IPC35bits = 0x886
                    0x0896                  IPC43 = 0x896
                    0x0896                  _IPC43 = 0x896
                    0x0896                  _IPC43bits = 0x896
                    0x089a                  IPC45 = 0x89a
                    0x089a                  _IPC45 = 0x89a
                    0x089a                  _IPC45bits = 0x89a
                    0x089c                  IPC46 = 0x89c
                    0x089c                  _IPC46 = 0x89c
                    0x089c                  _IPC46bits = 0x89c
                    0x08c0                  INTCON1 = 0x8c0
                    0x08c0                  _INTCON1 = 0x8c0
                    0x08c0                  _INTCON1bits = 0x8c0
                    0x08c2                  INTCON2 = 0x8c2
                    0x08c2                  _INTCON2 = 0x8c2
                    0x08c2                  _INTCON2bits = 0x8c2
                    0x08c4                  INTCON3 = 0x8c4
                    0x08c4                  _INTCON3 = 0x8c4
                    0x08c4                  _INTCON3bits = 0x8c4
                    0x08c6                  INTCON4 = 0x8c6
                    0x08c6                  _INTCON4 = 0x8c6
                    0x08c6                  _INTCON4bits = 0x8c6
                    0x08c8                  INTTREG = 0x8c8
                    0x08c8                  _INTTREG = 0x8c8
                    0x08c8                  _INTTREGbits = 0x8c8
                    0x0900                  OC1CON1 = 0x900
                    0x0900                  _OC1CON1 = 0x900
                    0x0900                  _OC1CON1bits = 0x900
                    0x0902                  OC1CON2 = 0x902
                    0x0902                  _OC1CON2 = 0x902
                    0x0902                  _OC1CON2bits = 0x902
                    0x0904                  OC1RS = 0x904
                    0x0904                  _OC1RS = 0x904
                    0x0906                  OC1R = 0x906
                    0x0906                  _OC1R = 0x906
                    0x0908                  OC1TMR = 0x908
                    0x0908                  _OC1TMR = 0x908
                    0x090a                  OC2CON1 = 0x90a
                    0x090a                  _OC2CON1 = 0x90a
                    0x090a                  _OC2CON1bits = 0x90a
                    0x090c                  OC2CON2 = 0x90c
                    0x090c                  _OC2CON2 = 0x90c
                    0x090c                  _OC2CON2bits = 0x90c
                    0x090e                  OC2RS = 0x90e
                    0x090e                  _OC2RS = 0x90e
                    0x0910                  OC2R = 0x910
                    0x0910                  _OC2R = 0x910
                    0x0912                  OC2TMR = 0x912
                    0x0912                  _OC2TMR = 0x912
                    0x0914                  OC3CON1 = 0x914
                    0x0914                  _OC3CON1 = 0x914
                    0x0914                  _OC3CON1bits = 0x914
                    0x0916                  OC3CON2 = 0x916
                    0x0916                  _OC3CON2 = 0x916
                    0x0916                  _OC3CON2bits = 0x916
                    0x0918                  OC3RS = 0x918
                    0x0918                  _OC3RS = 0x918
                    0x091a                  OC3R = 0x91a
                    0x091a                  _OC3R = 0x91a
                    0x091c                  OC3TMR = 0x91c
                    0x091c                  _OC3TMR = 0x91c
                    0x091e                  OC4CON1 = 0x91e
                    0x091e                  _OC4CON1 = 0x91e
                    0x091e                  _OC4CON1bits = 0x91e
                    0x0920                  OC4CON2 = 0x920
                    0x0920                  _OC4CON2 = 0x920
                    0x0920                  _OC4CON2bits = 0x920
                    0x0922                  OC4RS = 0x922
                    0x0922                  _OC4RS = 0x922
                    0x0924                  OC4R = 0x924
                    0x0924                  _OC4R = 0x924
                    0x0926                  OC4TMR = 0x926
                    0x0926                  _OC4TMR = 0x926
                    0x0a80                  CMSTAT = 0xa80
                    0x0a80                  _CMSTAT = 0xa80
                    0x0a80                  _CMSTATbits = 0xa80
                    0x0a82                  CVR1CON = 0xa82
                    0x0a82                  _CVR1CON = 0xa82
                    0x0a82                  _CVR1CONbits = 0xa82
                    0x0a84                  CM1CON = 0xa84
                    0x0a84                  _CM1CON = 0xa84
                    0x0a84                  _CM1CONbits = 0xa84
                    0x0a86                  CM1MSKSRC = 0xa86
                    0x0a86                  _CM1MSKSRC = 0xa86
                    0x0a86                  _CM1MSKSRCbits = 0xa86
                    0x0a88                  CM1MSKCON = 0xa88
                    0x0a88                  _CM1MSKCON = 0xa88
                    0x0a88                  _CM1MSKCONbits = 0xa88
                    0x0a8a                  CM1FLTR = 0xa8a
                    0x0a8a                  _CM1FLTR = 0xa8a
                    0x0a8a                  _CM1FLTRbits = 0xa8a
                    0x0a8c                  CM2CON = 0xa8c
                    0x0a8c                  _CM2CON = 0xa8c
                    0x0a8c                  _CM2CONbits = 0xa8c
                    0x0a8e                  CM2MSKSRC = 0xa8e
                    0x0a8e                  _CM2MSKSRC = 0xa8e
                    0x0a8e                  _CM2MSKSRCbits = 0xa8e
                    0x0a90                  CM2MSKCON = 0xa90
                    0x0a90                  _CM2MSKCON = 0xa90
                    0x0a90                  _CM2MSKCONbits = 0xa90
                    0x0a92                  CM2FLTR = 0xa92
                    0x0a92                  _CM2FLTR = 0xa92
                    0x0a92                  _CM2FLTRbits = 0xa92
                    0x0a94                  CM3CON = 0xa94
                    0x0a94                  _CM3CON = 0xa94
                    0x0a94                  _CM3CONbits = 0xa94
                    0x0a96                  CM3MSKSRC = 0xa96
                    0x0a96                  _CM3MSKSRC = 0xa96
                    0x0a96                  _CM3MSKSRCbits = 0xa96
                    0x0a98                  CM3MSKCON = 0xa98
                    0x0a98                  _CM3MSKCON = 0xa98
                    0x0a98                  _CM3MSKCONbits = 0xa98
                    0x0a9a                  CM3FLTR = 0xa9a
                    0x0a9a                  _CM3FLTR = 0xa9a
                    0x0a9a                  _CM3FLTRbits = 0xa9a
                    0x0a9c                  CM4CON = 0xa9c
                    0x0a9c                  _CM4CON = 0xa9c
                    0x0a9c                  _CM4CONbits = 0xa9c
                    0x0a9e                  CM4MSKSRC = 0xa9e
                    0x0a9e                  _CM4MSKSRC = 0xa9e
                    0x0a9e                  _CM4MSKSRCbits = 0xa9e
                    0x0aa0                  CM4MSKCON = 0xaa0
                    0x0aa0                  _CM4MSKCON = 0xaa0
                    0x0aa0                  _CM4MSKCONbits = 0xaa0
                    0x0aa2                  CM4FLTR = 0xaa2
                    0x0aa2                  _CM4FLTR = 0xaa2
                    0x0aa2                  _CM4FLTRbits = 0xaa2
                    0x0aa4                  CM5CON = 0xaa4
                    0x0aa4                  _CM5CON = 0xaa4
                    0x0aa4                  _CM5CONbits = 0xaa4
                    0x0aa6                  CM5MSKSRC = 0xaa6
                    0x0aa6                  _CM5MSKSRC = 0xaa6
                    0x0aa6                  _CM5MSKSRCbits = 0xaa6
                    0x0aa8                  CM5MSKCON = 0xaa8
                    0x0aa8                  _CM5MSKCON = 0xaa8
                    0x0aa8                  _CM5MSKCONbits = 0xaa8
                    0x0aaa                  CM5FLTR = 0xaaa
                    0x0aaa                  _CM5FLTR = 0xaaa
                    0x0aaa                  _CM5FLTRbits = 0xaaa
                    0x0ab4                  CVR2CON = 0xab4
                    0x0ab4                  _CVR2CON = 0xab4
                    0x0ab4                  _CVR2CONbits = 0xab4
                    0x0b00                  DMA0CON = 0xb00
                    0x0b00                  _DMA0CON = 0xb00
                    0x0b00                  _DMA0CONbits = 0xb00
                    0x0b02                  DMA0REQ = 0xb02
                    0x0b02                  _DMA0REQ = 0xb02
                    0x0b02                  _DMA0REQbits = 0xb02
                    0x0b04                  DMA0STAL = 0xb04
                    0x0b04                  _DMA0STAL = 0xb04
                    0x0b06                  DMA0STAH = 0xb06
                    0x0b06                  _DMA0STAH = 0xb06
                    0x0b06                  _DMA0STAHbits = 0xb06
                    0x0b08                  DMA0STBL = 0xb08
                    0x0b08                  _DMA0STBL = 0xb08
                    0x0b0a                  DMA0STBH = 0xb0a
                    0x0b0a                  _DMA0STBH = 0xb0a
                    0x0b0a                  _DMA0STBHbits = 0xb0a
                    0x0b0c                  DMA0PAD = 0xb0c
                    0x0b0c                  _DMA0PAD = 0xb0c
                    0x0b0e                  DMA0CNT = 0xb0e
                    0x0b0e                  _DMA0CNT = 0xb0e
                    0x0b0e                  _DMA0CNTbits = 0xb0e
                    0x0b10                  DMA1CON = 0xb10
                    0x0b10                  _DMA1CON = 0xb10
                    0x0b10                  _DMA1CONbits = 0xb10
                    0x0b12                  DMA1REQ = 0xb12
                    0x0b12                  _DMA1REQ = 0xb12
                    0x0b12                  _DMA1REQbits = 0xb12
                    0x0b14                  DMA1STAL = 0xb14
                    0x0b14                  _DMA1STAL = 0xb14
                    0x0b16                  DMA1STAH = 0xb16
                    0x0b16                  _DMA1STAH = 0xb16
                    0x0b16                  _DMA1STAHbits = 0xb16
                    0x0b18                  DMA1STBL = 0xb18
                    0x0b18                  _DMA1STBL = 0xb18
                    0x0b1a                  DMA1STBH = 0xb1a
                    0x0b1a                  _DMA1STBH = 0xb1a
                    0x0b1a                  _DMA1STBHbits = 0xb1a
                    0x0b1c                  DMA1PAD = 0xb1c
                    0x0b1c                  _DMA1PAD = 0xb1c
                    0x0b1e                  DMA1CNT = 0xb1e
                    0x0b1e                  _DMA1CNT = 0xb1e
                    0x0b1e                  _DMA1CNTbits = 0xb1e
                    0x0b20                  DMA2CON = 0xb20
                    0x0b20                  _DMA2CON = 0xb20
                    0x0b20                  _DMA2CONbits = 0xb20
                    0x0b22                  DMA2REQ = 0xb22
                    0x0b22                  _DMA2REQ = 0xb22
                    0x0b22                  _DMA2REQbits = 0xb22
                    0x0b24                  DMA2STAL = 0xb24
                    0x0b24                  _DMA2STAL = 0xb24
                    0x0b26                  DMA2STAH = 0xb26
                    0x0b26                  _DMA2STAH = 0xb26
                    0x0b26                  _DMA2STAHbits = 0xb26
                    0x0b28                  DMA2STBL = 0xb28
                    0x0b28                  _DMA2STBL = 0xb28
                    0x0b2a                  DMA2STBH = 0xb2a
                    0x0b2a                  _DMA2STBH = 0xb2a
                    0x0b2a                  _DMA2STBHbits = 0xb2a
                    0x0b2c                  DMA2PAD = 0xb2c
                    0x0b2c                  _DMA2PAD = 0xb2c
                    0x0b2e                  DMA2CNT = 0xb2e
                    0x0b2e                  _DMA2CNT = 0xb2e
                    0x0b2e                  _DMA2CNTbits = 0xb2e
                    0x0b30                  DMA3CON = 0xb30
                    0x0b30                  _DMA3CON = 0xb30
                    0x0b30                  _DMA3CONbits = 0xb30
                    0x0b32                  DMA3REQ = 0xb32
                    0x0b32                  _DMA3REQ = 0xb32
                    0x0b32                  _DMA3REQbits = 0xb32
                    0x0b34                  DMA3STAL = 0xb34
                    0x0b34                  _DMA3STAL = 0xb34
                    0x0b36                  DMA3STAH = 0xb36
                    0x0b36                  _DMA3STAH = 0xb36
                    0x0b36                  _DMA3STAHbits = 0xb36
                    0x0b38                  DMA3STBL = 0xb38
                    0x0b38                  _DMA3STBL = 0xb38
                    0x0b3a                  DMA3STBH = 0xb3a
                    0x0b3a                  _DMA3STBH = 0xb3a
                    0x0b3a                  _DMA3STBHbits = 0xb3a
                    0x0b3c                  DMA3PAD = 0xb3c
                    0x0b3c                  _DMA3PAD = 0xb3c
                    0x0b3e                  DMA3CNT = 0xb3e
                    0x0b3e                  _DMA3CNT = 0xb3e
                    0x0b3e                  _DMA3CNTbits = 0xb3e
                    0x0bf0                  DMAPWC = 0xbf0
                    0x0bf0                  _DMAPWC = 0xbf0
                    0x0bf0                  _DMAPWCbits = 0xbf0
                    0x0bf2                  DMARQC = 0xbf2
                    0x0bf2                  _DMARQC = 0xbf2